MPLINK 5.08, LINKER
Linker Map File - Created Sun Mar 18 21:17:42 2018

                                 Section Info
                  Section       Type    Address   Location Size(Bytes)
                ---------  ---------  ---------  ---------  ---------
                   .org_0       code   0x000000    program   0x000002
                   .cinit    romdata   0x000001    program   0x000004
                   .org_1       code   0x000004    program   0x0003c4



                              Program Memory Usage 
                               Start         End      
                           ---------   ---------      
                            0x000000    0x000002      
                            0x000004    0x0001e5      
            485 out of 8454 program addresses used, program memory utilization is 5%



                              Symbols - Sorted by Name
                     Name    Address   Location    Storage File                     
                ---------  ---------  ---------  --------- ---------                
                  ADC_OFF   0x000128    program     static C:\Users\acer\MPLABXProjects\ADC_VALUE_PRINT_PIC16F877A.X\ADC_VALUE_PRINT.asm
                   ADC_ON   0x000125    program     static C:\Users\acer\MPLABXProjects\ADC_VALUE_PRINT_PIC16F877A.X\ADC_VALUE_PRINT.asm
               BEFORE_END   0x00009c    program     static C:\Users\acer\MPLABXProjects\ADC_VALUE_PRINT_PIC16F877A.X\ADC_VALUE_PRINT.asm
             CHECK_POIT_0   0x0000c9    program     static C:\Users\acer\MPLABXProjects\ADC_VALUE_PRINT_PIC16F877A.X\ADC_VALUE_PRINT.asm
             CHECK_POIT_1   0x0000c6    program     static C:\Users\acer\MPLABXProjects\ADC_VALUE_PRINT_PIC16F877A.X\ADC_VALUE_PRINT.asm
             CHECK_POIT_2   0x0000c3    program     static C:\Users\acer\MPLABXProjects\ADC_VALUE_PRINT_PIC16F877A.X\ADC_VALUE_PRINT.asm
      CONFIG_ADC_INTERUPT   0x00012b    program     static C:\Users\acer\MPLABXProjects\ADC_VALUE_PRINT_PIC16F877A.X\ADC_VALUE_PRINT.asm
        CONFIG_ADC_MODULE   0x000106    program     static C:\Users\acer\MPLABXProjects\ADC_VALUE_PRINT_PIC16F877A.X\ADC_VALUE_PRINT.asm
    COPPY_VALUES_FROM_ADC   0x000088    program     static C:\Users\acer\MPLABXProjects\ADC_VALUE_PRINT_PIC16F877A.X\ADC_VALUE_PRINT.asm
              DELAY_50_MS   0x00018d    program     static C:\Users\acer\MPLABXProjects\ADC_VALUE_PRINT_PIC16F877A.X\ADC_VALUE_PRINT.asm
             ENABLE_PULSE   0x000189    program     static C:\Users\acer\MPLABXProjects\ADC_VALUE_PRINT_PIC16F877A.X\ADC_VALUE_PRINT.asm
                    END_2   0x0000f7    program     static C:\Users\acer\MPLABXProjects\ADC_VALUE_PRINT_PIC16F877A.X\ADC_VALUE_PRINT.asm
                    END_3   0x0000c2    program     static C:\Users\acer\MPLABXProjects\ADC_VALUE_PRINT_PIC16F877A.X\ADC_VALUE_PRINT.asm
            END_CONVERSON   0x000133    program     static C:\Users\acer\MPLABXProjects\ADC_VALUE_PRINT_PIC16F877A.X\ADC_VALUE_PRINT.asm
                  FIND_K0   0x0000bd    program     static C:\Users\acer\MPLABXProjects\ADC_VALUE_PRINT_PIC16F877A.X\ADC_VALUE_PRINT.asm
                  FIND_K1   0x0000b8    program     static C:\Users\acer\MPLABXProjects\ADC_VALUE_PRINT_PIC16F877A.X\ADC_VALUE_PRINT.asm
                  FIND_K2   0x0000b3    program     static C:\Users\acer\MPLABXProjects\ADC_VALUE_PRINT_PIC16F877A.X\ADC_VALUE_PRINT.asm
                 GET_DATA   0x000055    program     static C:\Users\acer\MPLABXProjects\ADC_VALUE_PRINT_PIC16F877A.X\ADC_VALUE_PRINT.asm
                 GET_EAST   0x000072    program     static C:\Users\acer\MPLABXProjects\ADC_VALUE_PRINT_PIC16F877A.X\ADC_VALUE_PRINT.asm
                GET_NORTH   0x00006b    program     static C:\Users\acer\MPLABXProjects\ADC_VALUE_PRINT_PIC16F877A.X\ADC_VALUE_PRINT.asm
                GET_SOUTH   0x000079    program     static C:\Users\acer\MPLABXProjects\ADC_VALUE_PRINT_PIC16F877A.X\ADC_VALUE_PRINT.asm
                 GET_WEST   0x000080    program     static C:\Users\acer\MPLABXProjects\ADC_VALUE_PRINT_PIC16F877A.X\ADC_VALUE_PRINT.asm
                 GET_ZERO   0x000024    program     static C:\Users\acer\MPLABXProjects\ADC_VALUE_PRINT_PIC16F877A.X\ADC_VALUE_PRINT.asm
                GO_BANK_0   0x00017d    program     static C:\Users\acer\MPLABXProjects\ADC_VALUE_PRINT_PIC16F877A.X\ADC_VALUE_PRINT.asm
                GO_BANK_1   0x000180    program     static C:\Users\acer\MPLABXProjects\ADC_VALUE_PRINT_PIC16F877A.X\ADC_VALUE_PRINT.asm
                GO_BANK_2   0x000183    program     static C:\Users\acer\MPLABXProjects\ADC_VALUE_PRINT_PIC16F877A.X\ADC_VALUE_PRINT.asm
                GO_BANK_3   0x000186    program     static C:\Users\acer\MPLABXProjects\ADC_VALUE_PRINT_PIC16F877A.X\ADC_VALUE_PRINT.asm
      IC_INTERRUPT_CONFIG   0x000177    program     static C:\Users\acer\MPLABXProjects\ADC_VALUE_PRINT_PIC16F877A.X\ADC_VALUE_PRINT.asm
           INITIALIZE_ADC   0x000101    program     static C:\Users\acer\MPLABXProjects\ADC_VALUE_PRINT_PIC16F877A.X\ADC_VALUE_PRINT.asm
   INITIALIZE_ADC_SETTING   0x000109    program     static C:\Users\acer\MPLABXProjects\ADC_VALUE_PRINT_PIC16F877A.X\ADC_VALUE_PRINT.asm
            INITIALIZE_IC   0x00016a    program     static C:\Users\acer\MPLABXProjects\ADC_VALUE_PRINT_PIC16F877A.X\ADC_VALUE_PRINT.asm
           INITIALIZE_LCD   0x000135    program     static C:\Users\acer\MPLABXProjects\ADC_VALUE_PRINT_PIC16F877A.X\ADC_VALUE_PRINT.asm
               K0_MIN_TEN   0x0000d3    program     static C:\Users\acer\MPLABXProjects\ADC_VALUE_PRINT_PIC16F877A.X\ADC_VALUE_PRINT.asm
              K0_PLUS_ONE   0x0000cc    program     static C:\Users\acer\MPLABXProjects\ADC_VALUE_PRINT_PIC16F877A.X\ADC_VALUE_PRINT.asm
               K1_MIN_TEN   0x0000de    program     static C:\Users\acer\MPLABXProjects\ADC_VALUE_PRINT_PIC16F877A.X\ADC_VALUE_PRINT.asm
              K1_PLUS_ONE   0x0000d7    program     static C:\Users\acer\MPLABXProjects\ADC_VALUE_PRINT_PIC16F877A.X\ADC_VALUE_PRINT.asm
               K2_MIN_TEN   0x0000e9    program     static C:\Users\acer\MPLABXProjects\ADC_VALUE_PRINT_PIC16F877A.X\ADC_VALUE_PRINT.asm
              K2_PLUS_ONE   0x0000e2    program     static C:\Users\acer\MPLABXProjects\ADC_VALUE_PRINT_PIC16F877A.X\ADC_VALUE_PRINT.asm
               K3_MIN_TEN   0x0000f4    program     static C:\Users\acer\MPLABXProjects\ADC_VALUE_PRINT_PIC16F877A.X\ADC_VALUE_PRINT.asm
              K3_PLUS_ONE   0x0000ed    program     static C:\Users\acer\MPLABXProjects\ADC_VALUE_PRINT_PIC16F877A.X\ADC_VALUE_PRINT.asm
         K_VALUES_TO_ZERO   0x0000f8    program     static C:\Users\acer\MPLABXProjects\ADC_VALUE_PRINT_PIC16F877A.X\ADC_VALUE_PRINT.asm
              LIBRARY_ONE   0x00009d    program     static C:\Users\acer\MPLABXProjects\ADC_VALUE_PRINT_PIC16F877A.X\ADC_VALUE_PRINT.asm
            LIBRARY_THREE   0x0000ab    program     static C:\Users\acer\MPLABXProjects\ADC_VALUE_PRINT_PIC16F877A.X\ADC_VALUE_PRINT.asm
              LIBRARY_TWO   0x0000a4    program     static C:\Users\acer\MPLABXProjects\ADC_VALUE_PRINT_PIC16F877A.X\ADC_VALUE_PRINT.asm
                   LOOP_E   0x000032    program     static C:\Users\acer\MPLABXProjects\ADC_VALUE_PRINT_PIC16F877A.X\ADC_VALUE_PRINT.asm
                   LOOP_N   0x000026    program     static C:\Users\acer\MPLABXProjects\ADC_VALUE_PRINT_PIC16F877A.X\ADC_VALUE_PRINT.asm
                   LOOP_S   0x00003e    program     static C:\Users\acer\MPLABXProjects\ADC_VALUE_PRINT_PIC16F877A.X\ADC_VALUE_PRINT.asm
                   LOOP_W   0x00004a    program     static C:\Users\acer\MPLABXProjects\ADC_VALUE_PRINT_PIC16F877A.X\ADC_VALUE_PRINT.asm
          MAKE_LCD_NUMBER   0x0001dc    program     static C:\Users\acer\MPLABXProjects\ADC_VALUE_PRINT_PIC16F877A.X\ADC_VALUE_PRINT.asm
                     Main   0x000005    program     static C:\Users\acer\MPLABXProjects\ADC_VALUE_PRINT_PIC16F877A.X\ADC_VALUE_PRINT.asm
             NEWS_MIN_ONE   0x000068    program     static C:\Users\acer\MPLABXProjects\ADC_VALUE_PRINT_PIC16F877A.X\ADC_VALUE_PRINT.asm
               PRINT_CHAR   0x0001de    program     static C:\Users\acer\MPLABXProjects\ADC_VALUE_PRINT_PIC16F877A.X\ADC_VALUE_PRINT.asm
               PRINT_EAST   0x0001a5    program     static C:\Users\acer\MPLABXProjects\ADC_VALUE_PRINT_PIC16F877A.X\ADC_VALUE_PRINT.asm
              PRINT_NORTH   0x000197    program     static C:\Users\acer\MPLABXProjects\ADC_VALUE_PRINT_PIC16F877A.X\ADC_VALUE_PRINT.asm
           PRINT_SET_ZERO   0x000010    program     static C:\Users\acer\MPLABXProjects\ADC_VALUE_PRINT_PIC16F877A.X\ADC_VALUE_PRINT.asm
              PRINT_SOUTH   0x0001b3    program     static C:\Users\acer\MPLABXProjects\ADC_VALUE_PRINT_PIC16F877A.X\ADC_VALUE_PRINT.asm
              PRINT_VALUE   0x0001cf    program     static C:\Users\acer\MPLABXProjects\ADC_VALUE_PRINT_PIC16F877A.X\ADC_VALUE_PRINT.asm
               PRINT_WEST   0x0001c1    program     static C:\Users\acer\MPLABXProjects\ADC_VALUE_PRINT_PIC16F877A.X\ADC_VALUE_PRINT.asm
       PROCESS_HIGH_VALUE   0x00008f    program     static C:\Users\acer\MPLABXProjects\ADC_VALUE_PRINT_PIC16F877A.X\ADC_VALUE_PRINT.asm
      PROCESS_LOWER_VALUE   0x0000b2    program     static C:\Users\acer\MPLABXProjects\ADC_VALUE_PRINT_PIC16F877A.X\ADC_VALUE_PRINT.asm
           SET_ANALOG_CH0   0x000115    program     static C:\Users\acer\MPLABXProjects\ADC_VALUE_PRINT_PIC16F877A.X\ADC_VALUE_PRINT.asm
           SET_ANALOG_CH1   0x000119    program     static C:\Users\acer\MPLABXProjects\ADC_VALUE_PRINT_PIC16F877A.X\ADC_VALUE_PRINT.asm
           SET_ANALOG_CH2   0x00011d    program     static C:\Users\acer\MPLABXProjects\ADC_VALUE_PRINT_PIC16F877A.X\ADC_VALUE_PRINT.asm
           SET_ANALOG_CH4   0x000121    program     static C:\Users\acer\MPLABXProjects\ADC_VALUE_PRINT_PIC16F877A.X\ADC_VALUE_PRINT.asm
                 SET_ZERO   0x00000b    program     static C:\Users\acer\MPLABXProjects\ADC_VALUE_PRINT_PIC16F877A.X\ADC_VALUE_PRINT.asm
          START_CONVERSON   0x000130    program     static C:\Users\acer\MPLABXProjects\ADC_VALUE_PRINT_PIC16F877A.X\ADC_VALUE_PRINT.asm
                        T   0x000007    program     static C:\Users\acer\MPLABXProjects\ADC_VALUE_PRINT_PIC16F877A.X\ADC_VALUE_PRINT.asm
                       UP   0x000063    program     static C:\Users\acer\MPLABXProjects\ADC_VALUE_PRINT_PIC16F877A.X\ADC_VALUE_PRINT.asm
                     WAIT   0x0001e1    program     static C:\Users\acer\MPLABXProjects\ADC_VALUE_PRINT_PIC16F877A.X\ADC_VALUE_PRINT.asm
             dataSendMode   0x000141    program     static C:\Users\acer\MPLABXProjects\ADC_VALUE_PRINT_PIC16F877A.X\ADC_VALUE_PRINT.asm
             displayClear   0x00014e    program     static C:\Users\acer\MPLABXProjects\ADC_VALUE_PRINT_PIC16F877A.X\ADC_VALUE_PRINT.asm
          instructionMode   0x00013d    program     static C:\Users\acer\MPLABXProjects\ADC_VALUE_PRINT_PIC16F877A.X\ADC_VALUE_PRINT.asm
          setDisplayOnOff   0x000149    program     static C:\Users\acer\MPLABXProjects\ADC_VALUE_PRINT_PIC16F877A.X\ADC_VALUE_PRINT.asm
           setEntryModule   0x000154    program     static C:\Users\acer\MPLABXProjects\ADC_VALUE_PRINT_PIC16F877A.X\ADC_VALUE_PRINT.asm
             setFunctions   0x000143    program     static C:\Users\acer\MPLABXProjects\ADC_VALUE_PRINT_PIC16F877A.X\ADC_VALUE_PRINT.asm
        set_CGRAM_address   0x000159    program     static C:\Users\acer\MPLABXProjects\ADC_VALUE_PRINT_PIC16F877A.X\ADC_VALUE_PRINT.asm
set_DDRAM_address_to_line1   0x00015e    program     static C:\Users\acer\MPLABXProjects\ADC_VALUE_PRINT_PIC16F877A.X\ADC_VALUE_PRINT.asm
set_DDRAM_address_to_line2   0x000164    program     static C:\Users\acer\MPLABXProjects\ADC_VALUE_PRINT_PIC16F877A.X\ADC_VALUE_PRINT.asm
              writeOnDisp   0x000190    program     static C:\Users\acer\MPLABXProjects\ADC_VALUE_PRINT_PIC16F877A.X\ADC_VALUE_PRINT.asm



                              Symbols - Sorted by Address
                     Name    Address   Location    Storage File                     
                ---------  ---------  ---------  --------- ---------                
                     Main   0x000005    program     static C:\Users\acer\MPLABXProjects\ADC_VALUE_PRINT_PIC16F877A.X\ADC_VALUE_PRINT.asm
                        T   0x000007    program     static C:\Users\acer\MPLABXProjects\ADC_VALUE_PRINT_PIC16F877A.X\ADC_VALUE_PRINT.asm
                 SET_ZERO   0x00000b    program     static C:\Users\acer\MPLABXProjects\ADC_VALUE_PRINT_PIC16F877A.X\ADC_VALUE_PRINT.asm
           PRINT_SET_ZERO   0x000010    program     static C:\Users\acer\MPLABXProjects\ADC_VALUE_PRINT_PIC16F877A.X\ADC_VALUE_PRINT.asm
                 GET_ZERO   0x000024    program     static C:\Users\acer\MPLABXProjects\ADC_VALUE_PRINT_PIC16F877A.X\ADC_VALUE_PRINT.asm
                   LOOP_N   0x000026    program     static C:\Users\acer\MPLABXProjects\ADC_VALUE_PRINT_PIC16F877A.X\ADC_VALUE_PRINT.asm
                   LOOP_E   0x000032    program     static C:\Users\acer\MPLABXProjects\ADC_VALUE_PRINT_PIC16F877A.X\ADC_VALUE_PRINT.asm
                   LOOP_S   0x00003e    program     static C:\Users\acer\MPLABXProjects\ADC_VALUE_PRINT_PIC16F877A.X\ADC_VALUE_PRINT.asm
                   LOOP_W   0x00004a    program     static C:\Users\acer\MPLABXProjects\ADC_VALUE_PRINT_PIC16F877A.X\ADC_VALUE_PRINT.asm
                 GET_DATA   0x000055    program     static C:\Users\acer\MPLABXProjects\ADC_VALUE_PRINT_PIC16F877A.X\ADC_VALUE_PRINT.asm
                       UP   0x000063    program     static C:\Users\acer\MPLABXProjects\ADC_VALUE_PRINT_PIC16F877A.X\ADC_VALUE_PRINT.asm
             NEWS_MIN_ONE   0x000068    program     static C:\Users\acer\MPLABXProjects\ADC_VALUE_PRINT_PIC16F877A.X\ADC_VALUE_PRINT.asm
                GET_NORTH   0x00006b    program     static C:\Users\acer\MPLABXProjects\ADC_VALUE_PRINT_PIC16F877A.X\ADC_VALUE_PRINT.asm
                 GET_EAST   0x000072    program     static C:\Users\acer\MPLABXProjects\ADC_VALUE_PRINT_PIC16F877A.X\ADC_VALUE_PRINT.asm
                GET_SOUTH   0x000079    program     static C:\Users\acer\MPLABXProjects\ADC_VALUE_PRINT_PIC16F877A.X\ADC_VALUE_PRINT.asm
                 GET_WEST   0x000080    program     static C:\Users\acer\MPLABXProjects\ADC_VALUE_PRINT_PIC16F877A.X\ADC_VALUE_PRINT.asm
    COPPY_VALUES_FROM_ADC   0x000088    program     static C:\Users\acer\MPLABXProjects\ADC_VALUE_PRINT_PIC16F877A.X\ADC_VALUE_PRINT.asm
       PROCESS_HIGH_VALUE   0x00008f    program     static C:\Users\acer\MPLABXProjects\ADC_VALUE_PRINT_PIC16F877A.X\ADC_VALUE_PRINT.asm
               BEFORE_END   0x00009c    program     static C:\Users\acer\MPLABXProjects\ADC_VALUE_PRINT_PIC16F877A.X\ADC_VALUE_PRINT.asm
              LIBRARY_ONE   0x00009d    program     static C:\Users\acer\MPLABXProjects\ADC_VALUE_PRINT_PIC16F877A.X\ADC_VALUE_PRINT.asm
              LIBRARY_TWO   0x0000a4    program     static C:\Users\acer\MPLABXProjects\ADC_VALUE_PRINT_PIC16F877A.X\ADC_VALUE_PRINT.asm
            LIBRARY_THREE   0x0000ab    program     static C:\Users\acer\MPLABXProjects\ADC_VALUE_PRINT_PIC16F877A.X\ADC_VALUE_PRINT.asm
      PROCESS_LOWER_VALUE   0x0000b2    program     static C:\Users\acer\MPLABXProjects\ADC_VALUE_PRINT_PIC16F877A.X\ADC_VALUE_PRINT.asm
                  FIND_K2   0x0000b3    program     static C:\Users\acer\MPLABXProjects\ADC_VALUE_PRINT_PIC16F877A.X\ADC_VALUE_PRINT.asm
                  FIND_K1   0x0000b8    program     static C:\Users\acer\MPLABXProjects\ADC_VALUE_PRINT_PIC16F877A.X\ADC_VALUE_PRINT.asm
                  FIND_K0   0x0000bd    program     static C:\Users\acer\MPLABXProjects\ADC_VALUE_PRINT_PIC16F877A.X\ADC_VALUE_PRINT.asm
                    END_3   0x0000c2    program     static C:\Users\acer\MPLABXProjects\ADC_VALUE_PRINT_PIC16F877A.X\ADC_VALUE_PRINT.asm
             CHECK_POIT_2   0x0000c3    program     static C:\Users\acer\MPLABXProjects\ADC_VALUE_PRINT_PIC16F877A.X\ADC_VALUE_PRINT.asm
             CHECK_POIT_1   0x0000c6    program     static C:\Users\acer\MPLABXProjects\ADC_VALUE_PRINT_PIC16F877A.X\ADC_VALUE_PRINT.asm
             CHECK_POIT_0   0x0000c9    program     static C:\Users\acer\MPLABXProjects\ADC_VALUE_PRINT_PIC16F877A.X\ADC_VALUE_PRINT.asm
              K0_PLUS_ONE   0x0000cc    program     static C:\Users\acer\MPLABXProjects\ADC_VALUE_PRINT_PIC16F877A.X\ADC_VALUE_PRINT.asm
               K0_MIN_TEN   0x0000d3    program     static C:\Users\acer\MPLABXProjects\ADC_VALUE_PRINT_PIC16F877A.X\ADC_VALUE_PRINT.asm
              K1_PLUS_ONE   0x0000d7    program     static C:\Users\acer\MPLABXProjects\ADC_VALUE_PRINT_PIC16F877A.X\ADC_VALUE_PRINT.asm
               K1_MIN_TEN   0x0000de    program     static C:\Users\acer\MPLABXProjects\ADC_VALUE_PRINT_PIC16F877A.X\ADC_VALUE_PRINT.asm
              K2_PLUS_ONE   0x0000e2    program     static C:\Users\acer\MPLABXProjects\ADC_VALUE_PRINT_PIC16F877A.X\ADC_VALUE_PRINT.asm
               K2_MIN_TEN   0x0000e9    program     static C:\Users\acer\MPLABXProjects\ADC_VALUE_PRINT_PIC16F877A.X\ADC_VALUE_PRINT.asm
              K3_PLUS_ONE   0x0000ed    program     static C:\Users\acer\MPLABXProjects\ADC_VALUE_PRINT_PIC16F877A.X\ADC_VALUE_PRINT.asm
               K3_MIN_TEN   0x0000f4    program     static C:\Users\acer\MPLABXProjects\ADC_VALUE_PRINT_PIC16F877A.X\ADC_VALUE_PRINT.asm
                    END_2   0x0000f7    program     static C:\Users\acer\MPLABXProjects\ADC_VALUE_PRINT_PIC16F877A.X\ADC_VALUE_PRINT.asm
         K_VALUES_TO_ZERO   0x0000f8    program     static C:\Users\acer\MPLABXProjects\ADC_VALUE_PRINT_PIC16F877A.X\ADC_VALUE_PRINT.asm
           INITIALIZE_ADC   0x000101    program     static C:\Users\acer\MPLABXProjects\ADC_VALUE_PRINT_PIC16F877A.X\ADC_VALUE_PRINT.asm
        CONFIG_ADC_MODULE   0x000106    program     static C:\Users\acer\MPLABXProjects\ADC_VALUE_PRINT_PIC16F877A.X\ADC_VALUE_PRINT.asm
   INITIALIZE_ADC_SETTING   0x000109    program     static C:\Users\acer\MPLABXProjects\ADC_VALUE_PRINT_PIC16F877A.X\ADC_VALUE_PRINT.asm
           SET_ANALOG_CH0   0x000115    program     static C:\Users\acer\MPLABXProjects\ADC_VALUE_PRINT_PIC16F877A.X\ADC_VALUE_PRINT.asm
           SET_ANALOG_CH1   0x000119    program     static C:\Users\acer\MPLABXProjects\ADC_VALUE_PRINT_PIC16F877A.X\ADC_VALUE_PRINT.asm
           SET_ANALOG_CH2   0x00011d    program     static C:\Users\acer\MPLABXProjects\ADC_VALUE_PRINT_PIC16F877A.X\ADC_VALUE_PRINT.asm
           SET_ANALOG_CH4   0x000121    program     static C:\Users\acer\MPLABXProjects\ADC_VALUE_PRINT_PIC16F877A.X\ADC_VALUE_PRINT.asm
                   ADC_ON   0x000125    program     static C:\Users\acer\MPLABXProjects\ADC_VALUE_PRINT_PIC16F877A.X\ADC_VALUE_PRINT.asm
                  ADC_OFF   0x000128    program     static C:\Users\acer\MPLABXProjects\ADC_VALUE_PRINT_PIC16F877A.X\ADC_VALUE_PRINT.asm
      CONFIG_ADC_INTERUPT   0x00012b    program     static C:\Users\acer\MPLABXProjects\ADC_VALUE_PRINT_PIC16F877A.X\ADC_VALUE_PRINT.asm
          START_CONVERSON   0x000130    program     static C:\Users\acer\MPLABXProjects\ADC_VALUE_PRINT_PIC16F877A.X\ADC_VALUE_PRINT.asm
            END_CONVERSON   0x000133    program     static C:\Users\acer\MPLABXProjects\ADC_VALUE_PRINT_PIC16F877A.X\ADC_VALUE_PRINT.asm
           INITIALIZE_LCD   0x000135    program     static C:\Users\acer\MPLABXProjects\ADC_VALUE_PRINT_PIC16F877A.X\ADC_VALUE_PRINT.asm
          instructionMode   0x00013d    program     static C:\Users\acer\MPLABXProjects\ADC_VALUE_PRINT_PIC16F877A.X\ADC_VALUE_PRINT.asm
             dataSendMode   0x000141    program     static C:\Users\acer\MPLABXProjects\ADC_VALUE_PRINT_PIC16F877A.X\ADC_VALUE_PRINT.asm
             setFunctions   0x000143    program     static C:\Users\acer\MPLABXProjects\ADC_VALUE_PRINT_PIC16F877A.X\ADC_VALUE_PRINT.asm
          setDisplayOnOff   0x000149    program     static C:\Users\acer\MPLABXProjects\ADC_VALUE_PRINT_PIC16F877A.X\ADC_VALUE_PRINT.asm
             displayClear   0x00014e    program     static C:\Users\acer\MPLABXProjects\ADC_VALUE_PRINT_PIC16F877A.X\ADC_VALUE_PRINT.asm
           setEntryModule   0x000154    program     static C:\Users\acer\MPLABXProjects\ADC_VALUE_PRINT_PIC16F877A.X\ADC_VALUE_PRINT.asm
        set_CGRAM_address   0x000159    program     static C:\Users\acer\MPLABXProjects\ADC_VALUE_PRINT_PIC16F877A.X\ADC_VALUE_PRINT.asm
set_DDRAM_address_to_line1   0x00015e    program     static C:\Users\acer\MPLABXProjects\ADC_VALUE_PRINT_PIC16F877A.X\ADC_VALUE_PRINT.asm
set_DDRAM_address_to_line2   0x000164    program     static C:\Users\acer\MPLABXProjects\ADC_VALUE_PRINT_PIC16F877A.X\ADC_VALUE_PRINT.asm
            INITIALIZE_IC   0x00016a    program     static C:\Users\acer\MPLABXProjects\ADC_VALUE_PRINT_PIC16F877A.X\ADC_VALUE_PRINT.asm
      IC_INTERRUPT_CONFIG   0x000177    program     static C:\Users\acer\MPLABXProjects\ADC_VALUE_PRINT_PIC16F877A.X\ADC_VALUE_PRINT.asm
                GO_BANK_0   0x00017d    program     static C:\Users\acer\MPLABXProjects\ADC_VALUE_PRINT_PIC16F877A.X\ADC_VALUE_PRINT.asm
                GO_BANK_1   0x000180    program     static C:\Users\acer\MPLABXProjects\ADC_VALUE_PRINT_PIC16F877A.X\ADC_VALUE_PRINT.asm
                GO_BANK_2   0x000183    program     static C:\Users\acer\MPLABXProjects\ADC_VALUE_PRINT_PIC16F877A.X\ADC_VALUE_PRINT.asm
                GO_BANK_3   0x000186    program     static C:\Users\acer\MPLABXProjects\ADC_VALUE_PRINT_PIC16F877A.X\ADC_VALUE_PRINT.asm
             ENABLE_PULSE   0x000189    program     static C:\Users\acer\MPLABXProjects\ADC_VALUE_PRINT_PIC16F877A.X\ADC_VALUE_PRINT.asm
              DELAY_50_MS   0x00018d    program     static C:\Users\acer\MPLABXProjects\ADC_VALUE_PRINT_PIC16F877A.X\ADC_VALUE_PRINT.asm
              writeOnDisp   0x000190    program     static C:\Users\acer\MPLABXProjects\ADC_VALUE_PRINT_PIC16F877A.X\ADC_VALUE_PRINT.asm
              PRINT_NORTH   0x000197    program     static C:\Users\acer\MPLABXProjects\ADC_VALUE_PRINT_PIC16F877A.X\ADC_VALUE_PRINT.asm
               PRINT_EAST   0x0001a5    program     static C:\Users\acer\MPLABXProjects\ADC_VALUE_PRINT_PIC16F877A.X\ADC_VALUE_PRINT.asm
              PRINT_SOUTH   0x0001b3    program     static C:\Users\acer\MPLABXProjects\ADC_VALUE_PRINT_PIC16F877A.X\ADC_VALUE_PRINT.asm
               PRINT_WEST   0x0001c1    program     static C:\Users\acer\MPLABXProjects\ADC_VALUE_PRINT_PIC16F877A.X\ADC_VALUE_PRINT.asm
              PRINT_VALUE   0x0001cf    program     static C:\Users\acer\MPLABXProjects\ADC_VALUE_PRINT_PIC16F877A.X\ADC_VALUE_PRINT.asm
          MAKE_LCD_NUMBER   0x0001dc    program     static C:\Users\acer\MPLABXProjects\ADC_VALUE_PRINT_PIC16F877A.X\ADC_VALUE_PRINT.asm
               PRINT_CHAR   0x0001de    program     static C:\Users\acer\MPLABXProjects\ADC_VALUE_PRINT_PIC16F877A.X\ADC_VALUE_PRINT.asm
                     WAIT   0x0001e1    program     static C:\Users\acer\MPLABXProjects\ADC_VALUE_PRINT_PIC16F877A.X\ADC_VALUE_PRINT.asm


